[
  {
    "arity": "unary",
    "cancellation_behavior": "cooperative",
    "config_schema_version": 1,
    "contract_analysis_version": 1,
    "crs_requirement": "projected",
    "determinism": "defined_order",
    "execution_class": "streaming",
    "expansion_constraint": "sum_relative",
    "expansion_factor_exempt": false,
    "family": "geo",
    "id": "geo.affine_transform",
    "kernel_version": 1,
    "maturity": "kernel_validated",
    "origin": "extension",
    "required_capabilities": [],
    "result_shape": "one_to_one",
    "semantic_version": 1
  },
  {
    "arity": "unary",
    "cancellation_behavior": "cooperative",
    "config_schema_version": 1,
    "contract_analysis_version": 1,
    "crs_requirement": "projected",
    "determinism": "defined_order",
    "execution_class": "streaming",
    "expansion_constraint": "sum_relative",
    "expansion_factor_exempt": false,
    "family": "geo",
    "id": "geo.area",
    "kernel_version": 1,
    "maturity": "kernel_validated",
    "origin": "manipola_compat",
    "required_capabilities": [],
    "result_shape": "one_to_one",
    "semantic_version": 1
  },
  {
    "arity": "unary",
    "cancellation_behavior": "cooperative",
    "config_schema_version": 1,
    "contract_analysis_version": 1,
    "crs_requirement": "geographic",
    "determinism": "defined_order",
    "execution_class": "streaming",
    "expansion_constraint": "sum_relative",
    "expansion_factor_exempt": false,
    "family": "geo",
    "id": "geo.bearing",
    "kernel_version": 1,
    "maturity": "kernel_validated",
    "origin": "extension",
    "required_capabilities": [],
    "result_shape": "one_to_one",
    "semantic_version": 1
  },
  {
    "arity": "unary",
    "cancellation_behavior": "cooperative",
    "config_schema_version": 1,
    "contract_analysis_version": 1,
    "crs_requirement": "projected",
    "determinism": "defined_order",
    "execution_class": "streaming",
    "expansion_constraint": "sum_relative",
    "expansion_factor_exempt": false,
    "family": "geo",
    "id": "geo.boundary",
    "kernel_version": 1,
    "maturity": "kernel_validated",
    "origin": "manipola_compat",
    "required_capabilities": [],
    "result_shape": "one_to_one",
    "semantic_version": 1
  },
  {
    "arity": "unary",
    "cancellation_behavior": "cooperative",
    "config_schema_version": 1,
    "contract_analysis_version": 1,
    "crs_requirement": "projected",
    "determinism": "defined_order",
    "execution_class": "streaming",
    "expansion_constraint": "sum_relative",
    "expansion_factor_exempt": false,
    "family": "geo",
    "id": "geo.bounds_extractor",
    "kernel_version": 1,
    "maturity": "kernel_validated",
    "origin": "manipola_compat",
    "required_capabilities": [],
    "result_shape": "one_to_one",
    "semantic_version": 1
  },
  {
    "arity": "unary",
    "cancellation_behavior": "cooperative",
    "config_schema_version": 1,
    "contract_analysis_version": 1,
    "crs_requirement": "projected",
    "determinism": "defined_order",
    "execution_class": "streaming",
    "expansion_constraint": "sum_relative",
    "expansion_factor_exempt": false,
    "family": "geo",
    "id": "geo.buffer",
    "kernel_version": 1,
    "maturity": "kernel_validated",
    "origin": "manipola_compat",
    "required_capabilities": [],
    "result_shape": "one_to_one",
    "semantic_version": 1
  },
  {
    "arity": "unary",
    "cancellation_behavior": "cooperative",
    "config_schema_version": 1,
    "contract_analysis_version": 1,
    "crs_requirement": "projected",
    "determinism": "defined_order",
    "execution_class": "streaming",
    "expansion_constraint": "sum_relative",
    "expansion_factor_exempt": false,
    "family": "geo",
    "id": "geo.centroid",
    "kernel_version": 1,
    "maturity": "public_protocol",
    "origin": "manipola_compat",
    "required_capabilities": [],
    "result_shape": "one_to_one",
    "semantic_version": 1
  },
  {
    "arity": "unary",
    "cancellation_behavior": "boundary_only",
    "config_schema_version": 1,
    "contract_analysis_version": 1,
    "crs_requirement": "same_projected",
    "determinism": "defined_order",
    "execution_class": "blocking",
    "expansion_constraint": "sum_relative",
    "expansion_factor_exempt": false,
    "family": "geo",
    "id": "geo.clean_topology",
    "kernel_version": 1,
    "maturity": "kernel_validated",
    "origin": "manipola_compat",
    "required_capabilities": [],
    "result_shape": "one_to_many",
    "semantic_version": 1
  },
  {
    "arity": "binary_ordered",
    "cancellation_behavior": "boundary_only",
    "config_schema_version": 1,
    "contract_analysis_version": 1,
    "crs_requirement": "same_projected",
    "determinism": "defined_order",
    "execution_class": "binary_blocking",
    "expansion_constraint": "max_relative",
    "expansion_factor_exempt": false,
    "family": "geo",
    "id": "geo.clip",
    "kernel_version": 1,
    "maturity": "kernel_validated",
    "origin": "manipola_compat",
    "required_capabilities": [],
    "result_shape": "one_to_many",
    "semantic_version": 1
  },
  {
    "arity": "unary",
    "cancellation_behavior": "boundary_only",
    "config_schema_version": 1,
    "contract_analysis_version": 1,
    "crs_requirement": "projected",
    "determinism": "defined_order",
    "execution_class": "blocking",
    "expansion_constraint": "sum_relative",
    "expansion_factor_exempt": false,
    "family": "geo",
    "id": "geo.cluster_dbscan",
    "kernel_version": 1,
    "maturity": "kernel_validated",
    "origin": "extension",
    "required_capabilities": [],
    "result_shape": "one_to_one",
    "semantic_version": 1
  },
  {
    "arity": "unary",
    "cancellation_behavior": "boundary_only",
    "config_schema_version": 1,
    "contract_analysis_version": 1,
    "crs_requirement": "known",
    "determinism": "canonical_order",
    "execution_class": "blocking",
    "expansion_constraint": "sum_relative",
    "expansion_factor_exempt": false,
    "family": "geo",
    "id": "geo.collect",
    "kernel_version": 1,
    "maturity": "kernel_validated",
    "origin": "extension",
    "required_capabilities": [],
    "result_shape": "many_to_one",
    "semantic_version": 1
  },
  {
    "arity": "unary",
    "cancellation_behavior": "cooperative",
    "config_schema_version": 1,
    "contract_analysis_version": 1,
    "crs_requirement": "projected",
    "determinism": "defined_order",
    "execution_class": "streaming",
    "expansion_constraint": "sum_relative",
    "expansion_factor_exempt": false,
    "family": "geo",
    "id": "geo.concave_hull",
    "kernel_version": 1,
    "maturity": "kernel_validated",
    "origin": "extension",
    "required_capabilities": [],
    "result_shape": "one_to_one",
    "semantic_version": 1
  },
  {
    "arity": "unary",
    "cancellation_behavior": "cooperative",
    "config_schema_version": 1,
    "contract_analysis_version": 1,
    "crs_requirement": "projected",
    "determinism": "defined_order",
    "execution_class": "streaming",
    "expansion_constraint": "sum_relative",
    "expansion_factor_exempt": false,
    "family": "geo",
    "id": "geo.convex_hull",
    "kernel_version": 1,
    "maturity": "public_protocol",
    "origin": "manipola_compat",
    "required_capabilities": [],
    "result_shape": "one_to_one",
    "semantic_version": 1
  },
  {
    "arity": "binary_ordered",
    "cancellation_behavior": "boundary_only",
    "config_schema_version": 1,
    "contract_analysis_version": 1,
    "crs_requirement": "same_projected",
    "determinism": "defined_order",
    "execution_class": "binary_blocking",
    "expansion_constraint": "left_relative",
    "expansion_factor_exempt": false,
    "family": "geo",
    "id": "geo.count_points_in_polygons",
    "kernel_version": 1,
    "maturity": "kernel_validated",
    "origin": "manipola_compat",
    "required_capabilities": [],
    "result_shape": "one_to_many",
    "semantic_version": 1
  },
  {
    "arity": "unary",
    "cancellation_behavior": "boundary_only",
    "config_schema_version": 1,
    "contract_analysis_version": 1,
    "crs_requirement": "same_projected",
    "determinism": "defined_order",
    "execution_class": "blocking",
    "expansion_constraint": "sum_relative",
    "expansion_factor_exempt": true,
    "family": "geo",
    "id": "geo.coverage_validate",
    "kernel_version": 1,
    "maturity": "kernel_validated",
    "origin": "extension",
    "required_capabilities": [],
    "result_shape": "whole_to_many",
    "semantic_version": 1
  },
  {
    "arity": "unary",
    "cancellation_behavior": "boundary_only",
    "config_schema_version": 1,
    "contract_analysis_version": 1,
    "crs_requirement": "projected",
    "determinism": "defined_order",
    "execution_class": "blocking",
    "expansion_constraint": "sum_relative",
    "expansion_factor_exempt": false,
    "family": "geo",
    "id": "geo.delaunay",
    "kernel_version": 1,
    "maturity": "kernel_validated",
    "origin": "extension",
    "required_capabilities": [],
    "result_shape": "one_to_many",
    "semantic_version": 1
  },
  {
    "arity": "unary",
    "cancellation_behavior": "cooperative",
    "config_schema_version": 1,
    "contract_analysis_version": 1,
    "crs_requirement": "projected",
    "determinism": "defined_order",
    "execution_class": "streaming",
    "expansion_constraint": "sum_relative",
    "expansion_factor_exempt": false,
    "family": "geo",
    "id": "geo.densify",
    "kernel_version": 1,
    "maturity": "kernel_validated",
    "origin": "extension",
    "required_capabilities": [],
    "result_shape": "one_to_one",
    "semantic_version": 1
  },
  {
    "arity": "binary_ordered",
    "cancellation_behavior": "boundary_only",
    "config_schema_version": 1,
    "contract_analysis_version": 1,
    "crs_requirement": "same_projected",
    "determinism": "defined_order",
    "execution_class": "binary_blocking",
    "expansion_constraint": "max_relative",
    "expansion_factor_exempt": false,
    "family": "geo",
    "id": "geo.difference",
    "kernel_version": 1,
    "maturity": "kernel_validated",
    "origin": "manipola_compat",
    "required_capabilities": [],
    "result_shape": "one_to_many",
    "semantic_version": 1
  },
  {
    "arity": "unary",
    "cancellation_behavior": "boundary_only",
    "config_schema_version": 1,
    "contract_analysis_version": 1,
    "crs_requirement": "projected",
    "determinism": "canonical_order",
    "execution_class": "blocking",
    "expansion_constraint": "sum_relative",
    "expansion_factor_exempt": false,
    "family": "geo",
    "id": "geo.dissolve",
    "kernel_version": 1,
    "maturity": "kernel_validated",
    "origin": "manipola_compat",
    "required_capabilities": [],
    "result_shape": "many_to_one",
    "semantic_version": 1
  },
  {
    "arity": "unary",
    "cancellation_behavior": "cooperative",
    "config_schema_version": 1,
    "contract_analysis_version": 1,
    "crs_requirement": "same_projected",
    "determinism": "defined_order",
    "execution_class": "streaming",
    "expansion_constraint": "sum_relative",
    "expansion_factor_exempt": false,
    "family": "geo",
    "id": "geo.distance",
    "kernel_version": 1,
    "maturity": "kernel_validated",
    "origin": "manipola_compat",
    "required_capabilities": [],
    "result_shape": "one_to_one",
    "semantic_version": 1
  },
  {
    "arity": "unary",
    "cancellation_behavior": "cooperative",
    "config_schema_version": 1,
    "contract_analysis_version": 1,
    "crs_requirement": "projected",
    "determinism": "defined_order",
    "execution_class": "streaming",
    "expansion_constraint": "sum_relative",
    "expansion_factor_exempt": false,
    "family": "geo",
    "id": "geo.envelope",
    "kernel_version": 1,
    "maturity": "public_protocol",
    "origin": "manipola_compat",
    "required_capabilities": [],
    "result_shape": "one_to_one",
    "semantic_version": 1
  },
  {
    "arity": "unary",
    "cancellation_behavior": "cooperative",
    "config_schema_version": 1,
    "contract_analysis_version": 1,
    "crs_requirement": "known",
    "determinism": "defined_order",
    "execution_class": "streaming",
    "expansion_constraint": "sum_relative",
    "expansion_factor_exempt": false,
    "family": "geo",
    "id": "geo.explode",
    "kernel_version": 1,
    "maturity": "kernel_validated",
    "origin": "manipola_compat",
    "required_capabilities": [],
    "result_shape": "one_to_many",
    "semantic_version": 1
  },
  {
    "arity": "unary",
    "cancellation_behavior": "cooperative",
    "config_schema_version": 1,
    "contract_analysis_version": 1,
    "crs_requirement": "same_projected",
    "determinism": "defined_order",
    "execution_class": "streaming",
    "expansion_constraint": "sum_relative",
    "expansion_factor_exempt": false,
    "family": "geo",
    "id": "geo.frechet_distance",
    "kernel_version": 1,
    "maturity": "kernel_validated",
    "origin": "extension",
    "required_capabilities": [],
    "result_shape": "one_to_one",
    "semantic_version": 1
  },
  {
    "arity": "unary",
    "cancellation_behavior": "cooperative",
    "config_schema_version": 1,
    "contract_analysis_version": 1,
    "crs_requirement": "projected",
    "determinism": "defined_order",
    "execution_class": "streaming",
    "expansion_constraint": "sum_relative",
    "expansion_factor_exempt": false,
    "family": "geo",
    "id": "geo.from_coords",
    "kernel_version": 1,
    "maturity": "kernel_validated",
    "origin": "manipola_compat",
    "required_capabilities": [],
    "result_shape": "from_coords",
    "semantic_version": 1
  },
  {
    "arity": "unary",
    "cancellation_behavior": "cooperative",
    "config_schema_version": 1,
    "contract_analysis_version": 1,
    "crs_requirement": "known",
    "determinism": "defined_order",
    "execution_class": "streaming",
    "expansion_constraint": "sum_relative",
    "expansion_factor_exempt": false,
    "family": "geo",
    "id": "geo.from_wkt",
    "kernel_version": 1,
    "maturity": "kernel_validated",
    "origin": "extension",
    "required_capabilities": [],
    "result_shape": "from_coords",
    "semantic_version": 1
  },
  {
    "arity": "unary",
    "cancellation_behavior": "boundary_only",
    "config_schema_version": 1,
    "contract_analysis_version": 1,
    "crs_requirement": "known",
    "determinism": "defined_order",
    "execution_class": "blocking",
    "expansion_constraint": "sum_relative",
    "expansion_factor_exempt": true,
    "family": "geo",
    "id": "geo.generate_grid",
    "kernel_version": 1,
    "maturity": "kernel_validated",
    "origin": "extension",
    "required_capabilities": [],
    "result_shape": "whole_to_many",
    "semantic_version": 1
  },
  {
    "arity": "unary",
    "cancellation_behavior": "cooperative",
    "config_schema_version": 1,
    "contract_analysis_version": 1,
    "crs_requirement": "geographic",
    "determinism": "defined_order",
    "execution_class": "streaming",
    "expansion_constraint": "sum_relative",
    "expansion_factor_exempt": false,
    "family": "geo",
    "id": "geo.geodesic_area",
    "kernel_version": 1,
    "maturity": "kernel_validated",
    "origin": "extension",
    "required_capabilities": [],
    "result_shape": "one_to_one",
    "semantic_version": 1
  },
  {
    "arity": "unary",
    "cancellation_behavior": "cooperative",
    "config_schema_version": 1,
    "contract_analysis_version": 1,
    "crs_requirement": "geographic",
    "determinism": "defined_order",
    "execution_class": "streaming",
    "expansion_constraint": "sum_relative",
    "expansion_factor_exempt": false,
    "family": "geo",
    "id": "geo.geodesic_distance",
    "kernel_version": 1,
    "maturity": "kernel_validated",
    "origin": "extension",
    "required_capabilities": [],
    "result_shape": "one_to_one",
    "semantic_version": 1
  },
  {
    "arity": "unary",
    "cancellation_behavior": "cooperative",
    "config_schema_version": 1,
    "contract_analysis_version": 1,
    "crs_requirement": "geographic",
    "determinism": "defined_order",
    "execution_class": "streaming",
    "expansion_constraint": "sum_relative",
    "expansion_factor_exempt": false,
    "family": "geo",
    "id": "geo.geodesic_line_length",
    "kernel_version": 1,
    "maturity": "kernel_validated",
    "origin": "extension",
    "required_capabilities": [],
    "result_shape": "one_to_one",
    "semantic_version": 1
  },
  {
    "arity": "unary",
    "cancellation_behavior": "cooperative",
    "config_schema_version": 1,
    "contract_analysis_version": 1,
    "crs_requirement": "known",
    "determinism": "defined_order",
    "execution_class": "streaming",
    "expansion_constraint": "sum_relative",
    "expansion_factor_exempt": false,
    "family": "geo",
    "id": "geo.geometry_accessors",
    "kernel_version": 1,
    "maturity": "kernel_validated",
    "origin": "extension",
    "required_capabilities": [],
    "result_shape": "one_to_one",
    "semantic_version": 1
  },
  {
    "arity": "unary",
    "cancellation_behavior": "cooperative",
    "config_schema_version": 1,
    "contract_analysis_version": 1,
    "crs_requirement": "known",
    "determinism": "defined_order",
    "execution_class": "streaming",
    "expansion_constraint": "sum_relative",
    "expansion_factor_exempt": false,
    "family": "geo",
    "id": "geo.geometry_diagnostics",
    "kernel_version": 1,
    "maturity": "kernel_validated",
    "origin": "extension",
    "required_capabilities": [],
    "result_shape": "diagnostic",
    "semantic_version": 1
  },
  {
    "arity": "unary",
    "cancellation_behavior": "cooperative",
    "config_schema_version": 1,
    "contract_analysis_version": 1,
    "crs_requirement": "same_projected",
    "determinism": "defined_order",
    "execution_class": "streaming",
    "expansion_constraint": "sum_relative",
    "expansion_factor_exempt": false,
    "family": "geo",
    "id": "geo.hausdorff_distance",
    "kernel_version": 1,
    "maturity": "kernel_validated",
    "origin": "extension",
    "required_capabilities": [],
    "result_shape": "one_to_one",
    "semantic_version": 1
  },
  {
    "arity": "unary",
    "cancellation_behavior": "cooperative",
    "config_schema_version": 1,
    "contract_analysis_version": 1,
    "crs_requirement": "geographic",
    "determinism": "defined_order",
    "execution_class": "streaming",
    "expansion_constraint": "sum_relative",
    "expansion_factor_exempt": false,
    "family": "geo",
    "id": "geo.haversine_distance",
    "kernel_version": 1,
    "maturity": "kernel_validated",
    "origin": "extension",
    "required_capabilities": [],
    "result_shape": "one_to_one",
    "semantic_version": 1
  },
  {
    "arity": "binary_ordered",
    "cancellation_behavior": "boundary_only",
    "config_schema_version": 1,
    "contract_analysis_version": 1,
    "crs_requirement": "same_projected",
    "determinism": "defined_order",
    "execution_class": "binary_blocking",
    "expansion_constraint": "max_relative",
    "expansion_factor_exempt": false,
    "family": "geo",
    "id": "geo.intersection",
    "kernel_version": 1,
    "maturity": "kernel_validated",
    "origin": "manipola_compat",
    "required_capabilities": [],
    "result_shape": "one_to_many",
    "semantic_version": 1
  },
  {
    "arity": "unary",
    "cancellation_behavior": "cooperative",
    "config_schema_version": 1,
    "contract_analysis_version": 1,
    "crs_requirement": "projected",
    "determinism": "defined_order",
    "execution_class": "streaming",
    "expansion_constraint": "sum_relative",
    "expansion_factor_exempt": false,
    "family": "geo",
    "id": "geo.length",
    "kernel_version": 1,
    "maturity": "kernel_validated",
    "origin": "manipola_compat",
    "required_capabilities": [],
    "result_shape": "one_to_one",
    "semantic_version": 1
  },
  {
    "arity": "unary",
    "cancellation_behavior": "boundary_only",
    "config_schema_version": 1,
    "contract_analysis_version": 1,
    "crs_requirement": "projected",
    "determinism": "defined_order",
    "execution_class": "blocking",
    "expansion_constraint": "sum_relative",
    "expansion_factor_exempt": false,
    "family": "geo",
    "id": "geo.line_builder",
    "kernel_version": 1,
    "maturity": "kernel_validated",
    "origin": "manipola_compat",
    "required_capabilities": [],
    "result_shape": "many_to_one",
    "semantic_version": 1
  },
  {
    "arity": "unary",
    "cancellation_behavior": "cooperative",
    "config_schema_version": 1,
    "contract_analysis_version": 1,
    "crs_requirement": "projected",
    "determinism": "defined_order",
    "execution_class": "streaming",
    "expansion_constraint": "sum_relative",
    "expansion_factor_exempt": false,
    "family": "geo",
    "id": "geo.line_interpolate_point",
    "kernel_version": 1,
    "maturity": "kernel_validated",
    "origin": "extension",
    "required_capabilities": [],
    "result_shape": "one_to_one",
    "semantic_version": 1
  },
  {
    "arity": "unary",
    "cancellation_behavior": "cooperative",
    "config_schema_version": 1,
    "contract_analysis_version": 1,
    "crs_requirement": "known",
    "determinism": "defined_order",
    "execution_class": "streaming",
    "expansion_constraint": "sum_relative",
    "expansion_factor_exempt": false,
    "family": "geo",
    "id": "geo.line_locate_point",
    "kernel_version": 1,
    "maturity": "kernel_validated",
    "origin": "extension",
    "required_capabilities": [],
    "result_shape": "one_to_one",
    "semantic_version": 1
  },
  {
    "arity": "unary",
    "cancellation_behavior": "boundary_only",
    "config_schema_version": 1,
    "contract_analysis_version": 1,
    "crs_requirement": "projected",
    "determinism": "defined_order",
    "execution_class": "blocking",
    "expansion_constraint": "sum_relative",
    "expansion_factor_exempt": false,
    "family": "geo",
    "id": "geo.line_merge",
    "kernel_version": 1,
    "maturity": "kernel_validated",
    "origin": "extension",
    "required_capabilities": [],
    "result_shape": "many_to_one",
    "semantic_version": 1
  },
  {
    "arity": "unary",
    "cancellation_behavior": "cooperative",
    "config_schema_version": 1,
    "contract_analysis_version": 1,
    "crs_requirement": "projected",
    "determinism": "defined_order",
    "execution_class": "streaming",
    "expansion_constraint": "sum_relative",
    "expansion_factor_exempt": false,
    "family": "geo",
    "id": "geo.line_substring",
    "kernel_version": 1,
    "maturity": "kernel_validated",
    "origin": "extension",
    "required_capabilities": [],
    "result_shape": "one_to_one",
    "semantic_version": 1
  },
  {
    "arity": "unary",
    "cancellation_behavior": "non_interruptible",
    "config_schema_version": 1,
    "contract_analysis_version": 1,
    "crs_requirement": "known",
    "determinism": "defined_order",
    "execution_class": "streaming",
    "expansion_constraint": "sum_relative",
    "expansion_factor_exempt": false,
    "family": "geo",
    "id": "geo.make_valid",
    "kernel_version": 1,
    "maturity": "backend_pending",
    "origin": "manipola_compat",
    "required_capabilities": [
      "geos"
    ],
    "result_shape": "one_to_one",
    "semantic_version": 1
  },
  {
    "arity": "binary_ordered",
    "cancellation_behavior": "boundary_only",
    "config_schema_version": 1,
    "contract_analysis_version": 1,
    "crs_requirement": "same_projected",
    "determinism": "defined_order",
    "execution_class": "binary_blocking",
    "expansion_constraint": "left_relative",
    "expansion_factor_exempt": false,
    "family": "geo",
    "id": "geo.nearest",
    "kernel_version": 1,
    "maturity": "kernel_validated",
    "origin": "manipola_compat",
    "required_capabilities": [],
    "result_shape": "one_to_many",
    "semantic_version": 1
  },
  {
    "arity": "binary_ordered",
    "cancellation_behavior": "boundary_only",
    "config_schema_version": 1,
    "contract_analysis_version": 1,
    "crs_requirement": "same_projected",
    "determinism": "defined_order",
    "execution_class": "binary_blocking",
    "expansion_constraint": "max_relative",
    "expansion_factor_exempt": false,
    "family": "geo",
    "id": "geo.overlay",
    "kernel_version": 1,
    "maturity": "kernel_validated",
    "origin": "manipola_compat",
    "required_capabilities": [],
    "result_shape": "one_to_many",
    "semantic_version": 1
  },
  {
    "arity": "unary",
    "cancellation_behavior": "cooperative",
    "config_schema_version": 1,
    "contract_analysis_version": 1,
    "crs_requirement": "projected",
    "determinism": "defined_order",
    "execution_class": "streaming",
    "expansion_constraint": "sum_relative",
    "expansion_factor_exempt": false,
    "family": "geo",
    "id": "geo.perimeter",
    "kernel_version": 1,
    "maturity": "kernel_validated",
    "origin": "manipola_compat",
    "required_capabilities": [],
    "result_shape": "one_to_one",
    "semantic_version": 1
  },
  {
    "arity": "unary",
    "cancellation_behavior": "cooperative",
    "config_schema_version": 1,
    "contract_analysis_version": 1,
    "crs_requirement": "projected",
    "determinism": "defined_order",
    "execution_class": "streaming",
    "expansion_constraint": "sum_relative",
    "expansion_factor_exempt": false,
    "family": "geo",
    "id": "geo.point_on_surface",
    "kernel_version": 1,
    "maturity": "kernel_validated",
    "origin": "manipola_compat",
    "required_capabilities": [],
    "result_shape": "one_to_one",
    "semantic_version": 1
  },
  {
    "arity": "unary",
    "cancellation_behavior": "boundary_only",
    "config_schema_version": 1,
    "contract_analysis_version": 1,
    "crs_requirement": "projected",
    "determinism": "defined_order",
    "execution_class": "blocking",
    "expansion_constraint": "sum_relative",
    "expansion_factor_exempt": false,
    "family": "geo",
    "id": "geo.polygon_builder",
    "kernel_version": 1,
    "maturity": "kernel_validated",
    "origin": "manipola_compat",
    "required_capabilities": [],
    "result_shape": "many_to_one",
    "semantic_version": 1
  },
  {
    "arity": "unary",
    "cancellation_behavior": "non_interruptible",
    "config_schema_version": 1,
    "contract_analysis_version": 1,
    "crs_requirement": "projected",
    "determinism": "defined_order",
    "execution_class": "blocking",
    "expansion_constraint": "sum_relative",
    "expansion_factor_exempt": false,
    "family": "geo",
    "id": "geo.polygonize",
    "kernel_version": 1,
    "maturity": "backend_pending",
    "origin": "extension",
    "required_capabilities": [
      "geos"
    ],
    "result_shape": "many_to_one",
    "semantic_version": 1
  },
  {
    "arity": "unary",
    "cancellation_behavior": "cooperative",
    "config_schema_version": 1,
    "contract_analysis_version": 1,
    "crs_requirement": "same_projected",
    "determinism": "defined_order",
    "execution_class": "streaming",
    "expansion_constraint": "sum_relative",
    "expansion_factor_exempt": false,
    "family": "geo",
    "id": "geo.predicate_contains",
    "kernel_version": 1,
    "maturity": "kernel_validated",
    "origin": "extension",
    "required_capabilities": [],
    "result_shape": "one_to_one",
    "semantic_version": 1
  },
  {
    "arity": "unary",
    "cancellation_behavior": "cooperative",
    "config_schema_version": 1,
    "contract_analysis_version": 1,
    "crs_requirement": "same_projected",
    "determinism": "defined_order",
    "execution_class": "streaming",
    "expansion_constraint": "sum_relative",
    "expansion_factor_exempt": false,
    "family": "geo",
    "id": "geo.predicate_contains_properly",
    "kernel_version": 1,
    "maturity": "kernel_validated",
    "origin": "extension",
    "required_capabilities": [],
    "result_shape": "one_to_one",
    "semantic_version": 1
  },
  {
    "arity": "unary",
    "cancellation_behavior": "cooperative",
    "config_schema_version": 1,
    "contract_analysis_version": 1,
    "crs_requirement": "same_projected",
    "determinism": "defined_order",
    "execution_class": "streaming",
    "expansion_constraint": "sum_relative",
    "expansion_factor_exempt": false,
    "family": "geo",
    "id": "geo.predicate_covered_by",
    "kernel_version": 1,
    "maturity": "kernel_validated",
    "origin": "extension",
    "required_capabilities": [],
    "result_shape": "one_to_one",
    "semantic_version": 1
  },
  {
    "arity": "unary",
    "cancellation_behavior": "cooperative",
    "config_schema_version": 1,
    "contract_analysis_version": 1,
    "crs_requirement": "same_projected",
    "determinism": "defined_order",
    "execution_class": "streaming",
    "expansion_constraint": "sum_relative",
    "expansion_factor_exempt": false,
    "family": "geo",
    "id": "geo.predicate_covers",
    "kernel_version": 1,
    "maturity": "kernel_validated",
    "origin": "extension",
    "required_capabilities": [],
    "result_shape": "one_to_one",
    "semantic_version": 1
  },
  {
    "arity": "unary",
    "cancellation_behavior": "cooperative",
    "config_schema_version": 1,
    "contract_analysis_version": 1,
    "crs_requirement": "same_projected",
    "determinism": "defined_order",
    "execution_class": "streaming",
    "expansion_constraint": "sum_relative",
    "expansion_factor_exempt": false,
    "family": "geo",
    "id": "geo.predicate_crosses",
    "kernel_version": 1,
    "maturity": "kernel_validated",
    "origin": "extension",
    "required_capabilities": [],
    "result_shape": "one_to_one",
    "semantic_version": 1
  },
  {
    "arity": "unary",
    "cancellation_behavior": "cooperative",
    "config_schema_version": 1,
    "contract_analysis_version": 1,
    "crs_requirement": "same_projected",
    "determinism": "defined_order",
    "execution_class": "streaming",
    "expansion_constraint": "sum_relative",
    "expansion_factor_exempt": false,
    "family": "geo",
    "id": "geo.predicate_disjoint",
    "kernel_version": 1,
    "maturity": "kernel_validated",
    "origin": "extension",
    "required_capabilities": [],
    "result_shape": "one_to_one",
    "semantic_version": 1
  },
  {
    "arity": "unary",
    "cancellation_behavior": "cooperative",
    "config_schema_version": 1,
    "contract_analysis_version": 1,
    "crs_requirement": "same_projected",
    "determinism": "defined_order",
    "execution_class": "streaming",
    "expansion_constraint": "sum_relative",
    "expansion_factor_exempt": false,
    "family": "geo",
    "id": "geo.predicate_equals_topo",
    "kernel_version": 1,
    "maturity": "kernel_validated",
    "origin": "extension",
    "required_capabilities": [],
    "result_shape": "one_to_one",
    "semantic_version": 1
  },
  {
    "arity": "unary",
    "cancellation_behavior": "cooperative",
    "config_schema_version": 1,
    "contract_analysis_version": 1,
    "crs_requirement": "same_projected",
    "determinism": "defined_order",
    "execution_class": "streaming",
    "expansion_constraint": "sum_relative",
    "expansion_factor_exempt": false,
    "family": "geo",
    "id": "geo.predicate_intersects",
    "kernel_version": 1,
    "maturity": "kernel_validated",
    "origin": "extension",
    "required_capabilities": [],
    "result_shape": "one_to_one",
    "semantic_version": 1
  },
  {
    "arity": "unary",
    "cancellation_behavior": "cooperative",
    "config_schema_version": 1,
    "contract_analysis_version": 1,
    "crs_requirement": "same_projected",
    "determinism": "defined_order",
    "execution_class": "streaming",
    "expansion_constraint": "sum_relative",
    "expansion_factor_exempt": false,
    "family": "geo",
    "id": "geo.predicate_overlaps",
    "kernel_version": 1,
    "maturity": "kernel_validated",
    "origin": "extension",
    "required_capabilities": [],
    "result_shape": "one_to_one",
    "semantic_version": 1
  },
  {
    "arity": "unary",
    "cancellation_behavior": "cooperative",
    "config_schema_version": 1,
    "contract_analysis_version": 1,
    "crs_requirement": "same_projected",
    "determinism": "defined_order",
    "execution_class": "streaming",
    "expansion_constraint": "sum_relative",
    "expansion_factor_exempt": false,
    "family": "geo",
    "id": "geo.predicate_touches",
    "kernel_version": 1,
    "maturity": "kernel_validated",
    "origin": "extension",
    "required_capabilities": [],
    "result_shape": "one_to_one",
    "semantic_version": 1
  },
  {
    "arity": "unary",
    "cancellation_behavior": "cooperative",
    "config_schema_version": 1,
    "contract_analysis_version": 1,
    "crs_requirement": "same_projected",
    "determinism": "defined_order",
    "execution_class": "streaming",
    "expansion_constraint": "sum_relative",
    "expansion_factor_exempt": false,
    "family": "geo",
    "id": "geo.predicate_within",
    "kernel_version": 1,
    "maturity": "kernel_validated",
    "origin": "extension",
    "required_capabilities": [],
    "result_shape": "one_to_one",
    "semantic_version": 1
  },
  {
    "arity": "unary",
    "cancellation_behavior": "non_interruptible",
    "config_schema_version": 1,
    "contract_analysis_version": 1,
    "crs_requirement": "reprojection",
    "determinism": "defined_order",
    "execution_class": "streaming",
    "expansion_constraint": "sum_relative",
    "expansion_factor_exempt": false,
    "family": "geo",
    "id": "geo.reproject",
    "kernel_version": 1,
    "maturity": "backend_pending",
    "origin": "manipola_compat",
    "required_capabilities": [
      "proj"
    ],
    "result_shape": "one_to_one",
    "semantic_version": 1
  },
  {
    "arity": "unary",
    "cancellation_behavior": "cooperative",
    "config_schema_version": 1,
    "contract_analysis_version": 1,
    "crs_requirement": "projected",
    "determinism": "defined_order",
    "execution_class": "streaming",
    "expansion_constraint": "sum_relative",
    "expansion_factor_exempt": false,
    "family": "geo",
    "id": "geo.rotate",
    "kernel_version": 1,
    "maturity": "kernel_validated",
    "origin": "extension",
    "required_capabilities": [],
    "result_shape": "one_to_one",
    "semantic_version": 1
  },
  {
    "arity": "unary",
    "cancellation_behavior": "cooperative",
    "config_schema_version": 1,
    "contract_analysis_version": 1,
    "crs_requirement": "projected",
    "determinism": "defined_order",
    "execution_class": "streaming",
    "expansion_constraint": "sum_relative",
    "expansion_factor_exempt": false,
    "family": "geo",
    "id": "geo.scale",
    "kernel_version": 1,
    "maturity": "kernel_validated",
    "origin": "extension",
    "required_capabilities": [],
    "result_shape": "one_to_one",
    "semantic_version": 1
  },
  {
    "arity": "unary",
    "cancellation_behavior": "boundary_only",
    "config_schema_version": 1,
    "contract_analysis_version": 1,
    "crs_requirement": "same_projected",
    "determinism": "defined_order",
    "execution_class": "blocking",
    "expansion_constraint": "sum_relative",
    "expansion_factor_exempt": true,
    "family": "geo",
    "id": "geo.shared_paths",
    "kernel_version": 1,
    "maturity": "kernel_validated",
    "origin": "extension",
    "required_capabilities": [],
    "result_shape": "whole_to_many",
    "semantic_version": 1
  },
  {
    "arity": "unary",
    "cancellation_behavior": "cooperative",
    "config_schema_version": 1,
    "contract_analysis_version": 1,
    "crs_requirement": "projected",
    "determinism": "defined_order",
    "execution_class": "streaming",
    "expansion_constraint": "sum_relative",
    "expansion_factor_exempt": false,
    "family": "geo",
    "id": "geo.simplify",
    "kernel_version": 1,
    "maturity": "kernel_validated",
    "origin": "manipola_compat",
    "required_capabilities": [],
    "result_shape": "one_to_one",
    "semantic_version": 1
  },
  {
    "arity": "binary_ordered",
    "cancellation_behavior": "boundary_only",
    "config_schema_version": 1,
    "contract_analysis_version": 1,
    "crs_requirement": "same_projected",
    "determinism": "defined_order",
    "execution_class": "binary_blocking",
    "expansion_constraint": "max_relative",
    "expansion_factor_exempt": false,
    "family": "geo",
    "id": "geo.sjoin",
    "kernel_version": 1,
    "maturity": "public_protocol",
    "origin": "manipola_compat",
    "required_capabilities": [],
    "result_shape": "one_to_many",
    "semantic_version": 1
  },
  {
    "arity": "unary",
    "cancellation_behavior": "cooperative",
    "config_schema_version": 1,
    "contract_analysis_version": 1,
    "crs_requirement": "same_projected",
    "determinism": "defined_order",
    "execution_class": "streaming",
    "expansion_constraint": "sum_relative",
    "expansion_factor_exempt": false,
    "family": "geo",
    "id": "geo.snap",
    "kernel_version": 1,
    "maturity": "kernel_validated",
    "origin": "extension",
    "required_capabilities": [],
    "result_shape": "one_to_one",
    "semantic_version": 1
  },
  {
    "arity": "unary",
    "cancellation_behavior": "cooperative",
    "config_schema_version": 1,
    "contract_analysis_version": 1,
    "crs_requirement": "projected",
    "determinism": "defined_order",
    "execution_class": "streaming",
    "expansion_constraint": "sum_relative",
    "expansion_factor_exempt": false,
    "family": "geo",
    "id": "geo.snap_to_grid",
    "kernel_version": 1,
    "maturity": "kernel_validated",
    "origin": "extension",
    "required_capabilities": [],
    "result_shape": "one_to_one",
    "semantic_version": 1
  },
  {
    "arity": "unary",
    "cancellation_behavior": "non_interruptible",
    "config_schema_version": 1,
    "contract_analysis_version": 1,
    "crs_requirement": "same_projected",
    "determinism": "defined_order",
    "execution_class": "streaming",
    "expansion_constraint": "sum_relative",
    "expansion_factor_exempt": false,
    "family": "geo",
    "id": "geo.split",
    "kernel_version": 1,
    "maturity": "backend_pending",
    "origin": "extension",
    "required_capabilities": [
      "geos"
    ],
    "result_shape": "one_to_many",
    "semantic_version": 1
  },
  {
    "arity": "unary",
    "cancellation_behavior": "cooperative",
    "config_schema_version": 1,
    "contract_analysis_version": 1,
    "crs_requirement": "known",
    "determinism": "defined_order",
    "execution_class": "streaming",
    "expansion_constraint": "sum_relative",
    "expansion_factor_exempt": false,
    "family": "geo",
    "id": "geo.subdivide",
    "kernel_version": 1,
    "maturity": "kernel_validated",
    "origin": "extension",
    "required_capabilities": [],
    "result_shape": "one_to_many",
    "semantic_version": 1
  },
  {
    "arity": "binary_ordered",
    "cancellation_behavior": "boundary_only",
    "config_schema_version": 1,
    "contract_analysis_version": 1,
    "crs_requirement": "same_projected",
    "determinism": "defined_order",
    "execution_class": "binary_blocking",
    "expansion_constraint": "max_relative",
    "expansion_factor_exempt": false,
    "family": "geo",
    "id": "geo.symmetric_difference",
    "kernel_version": 1,
    "maturity": "kernel_validated",
    "origin": "manipola_compat",
    "required_capabilities": [],
    "result_shape": "one_to_many",
    "semantic_version": 1
  },
  {
    "arity": "unary",
    "cancellation_behavior": "cooperative",
    "config_schema_version": 1,
    "contract_analysis_version": 1,
    "crs_requirement": "known",
    "determinism": "defined_order",
    "execution_class": "streaming",
    "expansion_constraint": "sum_relative",
    "expansion_factor_exempt": false,
    "family": "geo",
    "id": "geo.to_wkt",
    "kernel_version": 1,
    "maturity": "kernel_validated",
    "origin": "manipola_compat",
    "required_capabilities": [],
    "result_shape": "one_to_one",
    "semantic_version": 1
  },
  {
    "arity": "unary",
    "cancellation_behavior": "cooperative",
    "config_schema_version": 1,
    "contract_analysis_version": 1,
    "crs_requirement": "projected",
    "determinism": "defined_order",
    "execution_class": "streaming",
    "expansion_constraint": "sum_relative",
    "expansion_factor_exempt": false,
    "family": "geo",
    "id": "geo.translate",
    "kernel_version": 1,
    "maturity": "kernel_validated",
    "origin": "extension",
    "required_capabilities": [],
    "result_shape": "one_to_one",
    "semantic_version": 1
  },
  {
    "arity": "binary_ordered",
    "cancellation_behavior": "boundary_only",
    "config_schema_version": 1,
    "contract_analysis_version": 1,
    "crs_requirement": "same_projected",
    "determinism": "defined_order",
    "execution_class": "binary_blocking",
    "expansion_constraint": "sum_relative",
    "expansion_factor_exempt": false,
    "family": "geo",
    "id": "geo.union",
    "kernel_version": 1,
    "maturity": "kernel_validated",
    "origin": "manipola_compat",
    "required_capabilities": [],
    "result_shape": "one_to_many",
    "semantic_version": 1
  },
  {
    "arity": "unary",
    "cancellation_behavior": "cooperative",
    "config_schema_version": 1,
    "contract_analysis_version": 1,
    "crs_requirement": "known",
    "determinism": "defined_order",
    "execution_class": "streaming",
    "expansion_constraint": "sum_relative",
    "expansion_factor_exempt": false,
    "family": "geo",
    "id": "geo.vertex_count",
    "kernel_version": 1,
    "maturity": "kernel_validated",
    "origin": "manipola_compat",
    "required_capabilities": [],
    "result_shape": "one_to_one",
    "semantic_version": 1
  },
  {
    "arity": "unary",
    "cancellation_behavior": "boundary_only",
    "config_schema_version": 1,
    "contract_analysis_version": 1,
    "crs_requirement": "projected",
    "determinism": "defined_order",
    "execution_class": "blocking",
    "expansion_constraint": "sum_relative",
    "expansion_factor_exempt": false,
    "family": "geo",
    "id": "geo.voronoi",
    "kernel_version": 1,
    "maturity": "kernel_validated",
    "origin": "manipola_compat",
    "required_capabilities": [],
    "result_shape": "one_to_many",
    "semantic_version": 1
  },
  {
    "arity": "binary_ordered",
    "cancellation_behavior": "boundary_only",
    "config_schema_version": 1,
    "contract_analysis_version": 1,
    "crs_requirement": "same_projected",
    "determinism": "defined_order",
    "execution_class": "binary_blocking",
    "expansion_constraint": "left_relative",
    "expansion_factor_exempt": false,
    "family": "geo",
    "id": "geo.within",
    "kernel_version": 1,
    "maturity": "kernel_validated",
    "origin": "manipola_compat",
    "required_capabilities": [],
    "result_shape": "one_to_many",
    "semantic_version": 1
  },
  {
    "arity": "unary",
    "cancellation_behavior": "boundary_only",
    "config_schema_version": 1,
    "contract_analysis_version": 1,
    "crs_requirement": null,
    "determinism": "defined_order",
    "execution_class": "blocking",
    "expansion_constraint": "sum_relative",
    "expansion_factor_exempt": false,
    "family": "table",
    "id": "table.add_row_number",
    "kernel_version": 1,
    "maturity": "public_protocol",
    "origin": "manipola_compat",
    "required_capabilities": [],
    "result_shape": null,
    "semantic_version": 1
  },
  {
    "arity": "unary",
    "cancellation_behavior": "boundary_only",
    "config_schema_version": 1,
    "contract_analysis_version": 1,
    "crs_requirement": null,
    "determinism": "canonical_order",
    "execution_class": "blocking",
    "expansion_constraint": "sum_relative",
    "expansion_factor_exempt": false,
    "family": "table",
    "id": "table.aggregate",
    "kernel_version": 2,
    "maturity": "public_protocol",
    "origin": "manipola_compat",
    "required_capabilities": [],
    "result_shape": null,
    "semantic_version": 1
  },
  {
    "arity": "unary",
    "cancellation_behavior": "cooperative",
    "config_schema_version": 1,
    "contract_analysis_version": 1,
    "crs_requirement": null,
    "determinism": "defined_order",
    "execution_class": "streaming",
    "expansion_constraint": "sum_relative",
    "expansion_factor_exempt": false,
    "family": "table",
    "id": "table.align_schema",
    "kernel_version": 1,
    "maturity": "kernel_validated",
    "origin": "extension",
    "required_capabilities": [],
    "result_shape": null,
    "semantic_version": 1
  },
  {
    "arity": "binary_ordered",
    "cancellation_behavior": "boundary_only",
    "config_schema_version": 1,
    "contract_analysis_version": 1,
    "crs_requirement": null,
    "determinism": "defined_order",
    "execution_class": "binary_blocking",
    "expansion_constraint": "left_relative",
    "expansion_factor_exempt": false,
    "family": "table",
    "id": "table.anti_join",
    "kernel_version": 2,
    "maturity": "public_protocol",
    "origin": "extension",
    "required_capabilities": [],
    "result_shape": null,
    "semantic_version": 1
  },
  {
    "arity": "binary_ordered",
    "cancellation_behavior": "boundary_only",
    "config_schema_version": 1,
    "contract_analysis_version": 1,
    "crs_requirement": null,
    "determinism": "defined_order",
    "execution_class": "binary_blocking",
    "expansion_constraint": "left_relative",
    "expansion_factor_exempt": false,
    "family": "table",
    "id": "table.asof_join",
    "kernel_version": 1,
    "maturity": "public_protocol",
    "origin": "extension",
    "required_capabilities": [],
    "result_shape": null,
    "semantic_version": 1
  },
  {
    "arity": "unary",
    "cancellation_behavior": "cooperative",
    "config_schema_version": 1,
    "contract_analysis_version": 1,
    "crs_requirement": null,
    "determinism": "defined_order",
    "execution_class": "streaming",
    "expansion_constraint": "sum_relative",
    "expansion_factor_exempt": false,
    "family": "table",
    "id": "table.assert_cardinality",
    "kernel_version": 1,
    "maturity": "public_protocol",
    "origin": "extension",
    "required_capabilities": [],
    "result_shape": null,
    "semantic_version": 1
  },
  {
    "arity": "binary_ordered",
    "cancellation_behavior": "boundary_only",
    "config_schema_version": 1,
    "contract_analysis_version": 1,
    "crs_requirement": null,
    "determinism": "defined_order",
    "execution_class": "binary_blocking",
    "expansion_constraint": "left_relative",
    "expansion_factor_exempt": false,
    "family": "table",
    "id": "table.assert_foreign_key",
    "kernel_version": 2,
    "maturity": "public_protocol",
    "origin": "extension",
    "required_capabilities": [],
    "result_shape": null,
    "semantic_version": 1
  },
  {
    "arity": "unary",
    "cancellation_behavior": "cooperative",
    "config_schema_version": 1,
    "contract_analysis_version": 1,
    "crs_requirement": null,
    "determinism": "defined_order",
    "execution_class": "streaming",
    "expansion_constraint": "sum_relative",
    "expansion_factor_exempt": false,
    "family": "table",
    "id": "table.assert_metadata",
    "kernel_version": 1,
    "maturity": "public_protocol",
    "origin": "extension",
    "required_capabilities": [],
    "result_shape": null,
    "semantic_version": 1
  },
  {
    "arity": "unary",
    "cancellation_behavior": "cooperative",
    "config_schema_version": 1,
    "contract_analysis_version": 1,
    "crs_requirement": null,
    "determinism": "defined_order",
    "execution_class": "streaming",
    "expansion_constraint": "sum_relative",
    "expansion_factor_exempt": false,
    "family": "table",
    "id": "table.assert_not_null",
    "kernel_version": 1,
    "maturity": "public_protocol",
    "origin": "extension",
    "required_capabilities": [],
    "result_shape": null,
    "semantic_version": 1
  },
  {
    "arity": "unary",
    "cancellation_behavior": "cooperative",
    "config_schema_version": 1,
    "contract_analysis_version": 1,
    "crs_requirement": null,
    "determinism": "defined_order",
    "execution_class": "streaming",
    "expansion_constraint": "sum_relative",
    "expansion_factor_exempt": false,
    "family": "table",
    "id": "table.assert_range",
    "kernel_version": 1,
    "maturity": "public_protocol",
    "origin": "extension",
    "required_capabilities": [],
    "result_shape": null,
    "semantic_version": 1
  },
  {
    "arity": "unary",
    "cancellation_behavior": "cooperative",
    "config_schema_version": 1,
    "contract_analysis_version": 1,
    "crs_requirement": null,
    "determinism": "defined_order",
    "execution_class": "streaming",
    "expansion_constraint": "sum_relative",
    "expansion_factor_exempt": false,
    "family": "table",
    "id": "table.assert_regex",
    "kernel_version": 1,
    "maturity": "public_protocol",
    "origin": "extension",
    "required_capabilities": [],
    "result_shape": null,
    "semantic_version": 1
  },
  {
    "arity": "unary",
    "cancellation_behavior": "cooperative",
    "config_schema_version": 1,
    "contract_analysis_version": 1,
    "crs_requirement": null,
    "determinism": "defined_order",
    "execution_class": "streaming",
    "expansion_constraint": "sum_relative",
    "expansion_factor_exempt": false,
    "family": "table",
    "id": "table.assert_schema",
    "kernel_version": 1,
    "maturity": "public_protocol",
    "origin": "extension",
    "required_capabilities": [],
    "result_shape": null,
    "semantic_version": 1
  },
  {
    "arity": "unary",
    "cancellation_behavior": "boundary_only",
    "config_schema_version": 1,
    "contract_analysis_version": 1,
    "crs_requirement": null,
    "determinism": "defined_order",
    "execution_class": "blocking",
    "expansion_constraint": "sum_relative",
    "expansion_factor_exempt": false,
    "family": "table",
    "id": "table.assert_unique",
    "kernel_version": 2,
    "maturity": "public_protocol",
    "origin": "extension",
    "required_capabilities": [],
    "result_shape": null,
    "semantic_version": 1
  },
  {
    "arity": "unary",
    "cancellation_behavior": "boundary_only",
    "config_schema_version": 1,
    "contract_analysis_version": 1,
    "crs_requirement": null,
    "determinism": "defined_order",
    "execution_class": "blocking",
    "expansion_constraint": "sum_relative",
    "expansion_factor_exempt": false,
    "family": "table",
    "id": "table.bin",
    "kernel_version": 1,
    "maturity": "public_protocol",
    "origin": "manipola_compat",
    "required_capabilities": [],
    "result_shape": null,
    "semantic_version": 1
  },
  {
    "arity": "unary",
    "cancellation_behavior": "cooperative",
    "config_schema_version": 1,
    "contract_analysis_version": 1,
    "crs_requirement": null,
    "determinism": "defined_order",
    "execution_class": "streaming",
    "expansion_constraint": "sum_relative",
    "expansion_factor_exempt": false,
    "family": "table",
    "id": "table.coalesce",
    "kernel_version": 2,
    "maturity": "public_protocol",
    "origin": "extension",
    "required_capabilities": [],
    "result_shape": null,
    "semantic_version": 1
  },
  {
    "arity": "n_ary",
    "cancellation_behavior": "boundary_only",
    "config_schema_version": 1,
    "contract_analysis_version": 1,
    "crs_requirement": null,
    "determinism": "input_order",
    "execution_class": "blocking",
    "expansion_constraint": "sum_relative",
    "expansion_factor_exempt": false,
    "family": "table",
    "id": "table.concat",
    "kernel_version": 1,
    "maturity": "public_protocol",
    "origin": "manipola_compat",
    "required_capabilities": [],
    "result_shape": null,
    "semantic_version": 1
  },
  {
    "arity": "n_ary",
    "cancellation_behavior": "boundary_only",
    "config_schema_version": 1,
    "contract_analysis_version": 1,
    "crs_requirement": null,
    "determinism": "input_order",
    "execution_class": "blocking",
    "expansion_constraint": "sum_relative",
    "expansion_factor_exempt": false,
    "family": "table",
    "id": "table.concat_by_name",
    "kernel_version": 1,
    "maturity": "kernel_validated",
    "origin": "extension",
    "required_capabilities": [],
    "result_shape": null,
    "semantic_version": 1
  },
  {
    "arity": "unary",
    "cancellation_behavior": "cooperative",
    "config_schema_version": 1,
    "contract_analysis_version": 1,
    "crs_requirement": null,
    "determinism": "defined_order",
    "execution_class": "streaming",
    "expansion_constraint": "sum_relative",
    "expansion_factor_exempt": false,
    "family": "table",
    "id": "table.concat_columns",
    "kernel_version": 1,
    "maturity": "public_protocol",
    "origin": "manipola_compat",
    "required_capabilities": [],
    "result_shape": null,
    "semantic_version": 1
  },
  {
    "arity": "unary",
    "cancellation_behavior": "cooperative",
    "config_schema_version": 1,
    "contract_analysis_version": 1,
    "crs_requirement": null,
    "determinism": "defined_order",
    "execution_class": "streaming",
    "expansion_constraint": "sum_relative",
    "expansion_factor_exempt": false,
    "family": "table",
    "id": "table.conditional",
    "kernel_version": 1,
    "maturity": "public_protocol",
    "origin": "manipola_compat",
    "required_capabilities": [],
    "result_shape": null,
    "semantic_version": 1
  },
  {
    "arity": "binary_ordered",
    "cancellation_behavior": "boundary_only",
    "config_schema_version": 1,
    "contract_analysis_version": 1,
    "crs_requirement": null,
    "determinism": "defined_order",
    "execution_class": "binary_blocking",
    "expansion_constraint": "max_relative",
    "expansion_factor_exempt": false,
    "family": "table",
    "id": "table.cross_join",
    "kernel_version": 1,
    "maturity": "public_protocol",
    "origin": "manipola_compat",
    "required_capabilities": [],
    "result_shape": null,
    "semantic_version": 1
  },
  {
    "arity": "unary",
    "cancellation_behavior": "cooperative",
    "config_schema_version": 1,
    "contract_analysis_version": 1,
    "crs_requirement": null,
    "determinism": "defined_order",
    "execution_class": "streaming",
    "expansion_constraint": "sum_relative",
    "expansion_factor_exempt": false,
    "family": "table",
    "id": "table.date_add",
    "kernel_version": 2,
    "maturity": "public_protocol",
    "origin": "extension",
    "required_capabilities": [],
    "result_shape": null,
    "semantic_version": 1
  },
  {
    "arity": "unary",
    "cancellation_behavior": "cooperative",
    "config_schema_version": 1,
    "contract_analysis_version": 1,
    "crs_requirement": null,
    "determinism": "defined_order",
    "execution_class": "streaming",
    "expansion_constraint": "sum_relative",
    "expansion_factor_exempt": false,
    "family": "table",
    "id": "table.date_diff",
    "kernel_version": 2,
    "maturity": "public_protocol",
    "origin": "extension",
    "required_capabilities": [],
    "result_shape": null,
    "semantic_version": 1
  },
  {
    "arity": "unary",
    "cancellation_behavior": "cooperative",
    "config_schema_version": 1,
    "contract_analysis_version": 1,
    "crs_requirement": null,
    "determinism": "defined_order",
    "execution_class": "streaming",
    "expansion_constraint": "sum_relative",
    "expansion_factor_exempt": false,
    "family": "table",
    "id": "table.date_extract",
    "kernel_version": 2,
    "maturity": "public_protocol",
    "origin": "manipola_compat",
    "required_capabilities": [],
    "result_shape": null,
    "semantic_version": 1
  },
  {
    "arity": "unary",
    "cancellation_behavior": "cooperative",
    "config_schema_version": 1,
    "contract_analysis_version": 1,
    "crs_requirement": null,
    "determinism": "defined_order",
    "execution_class": "streaming",
    "expansion_constraint": "sum_relative",
    "expansion_factor_exempt": false,
    "family": "table",
    "id": "table.date_format",
    "kernel_version": 2,
    "maturity": "public_protocol",
    "origin": "extension",
    "required_capabilities": [],
    "result_shape": null,
    "semantic_version": 1
  },
  {
    "arity": "unary",
    "cancellation_behavior": "boundary_only",
    "config_schema_version": 1,
    "contract_analysis_version": 1,
    "crs_requirement": null,
    "determinism": "canonical_order",
    "execution_class": "blocking",
    "expansion_constraint": "sum_relative",
    "expansion_factor_exempt": false,
    "family": "table",
    "id": "table.dedup_advanced",
    "kernel_version": 2,
    "maturity": "public_protocol",
    "origin": "manipola_compat",
    "required_capabilities": [],
    "result_shape": null,
    "semantic_version": 1
  },
  {
    "arity": "unary",
    "cancellation_behavior": "boundary_only",
    "config_schema_version": 1,
    "contract_analysis_version": 1,
    "crs_requirement": null,
    "determinism": "canonical_order",
    "execution_class": "blocking",
    "expansion_constraint": "sum_relative",
    "expansion_factor_exempt": false,
    "family": "table",
    "id": "table.distinct",
    "kernel_version": 2,
    "maturity": "public_protocol",
    "origin": "manipola_compat",
    "required_capabilities": [],
    "result_shape": null,
    "semantic_version": 1
  },
  {
    "arity": "unary",
    "cancellation_behavior": "cooperative",
    "config_schema_version": 1,
    "contract_analysis_version": 1,
    "crs_requirement": null,
    "determinism": "defined_order",
    "execution_class": "streaming",
    "expansion_constraint": "sum_relative",
    "expansion_factor_exempt": false,
    "family": "table",
    "id": "table.drop_columns",
    "kernel_version": 1,
    "maturity": "public_protocol",
    "origin": "manipola_compat",
    "required_capabilities": [],
    "result_shape": null,
    "semantic_version": 1
  },
  {
    "arity": "binary_ordered",
    "cancellation_behavior": "boundary_only",
    "config_schema_version": 1,
    "contract_analysis_version": 1,
    "crs_requirement": null,
    "determinism": "canonical_order",
    "execution_class": "binary_blocking",
    "expansion_constraint": "left_relative",
    "expansion_factor_exempt": false,
    "family": "table",
    "id": "table.except",
    "kernel_version": 2,
    "maturity": "public_protocol",
    "origin": "extension",
    "required_capabilities": [],
    "result_shape": null,
    "semantic_version": 1
  },
  {
    "arity": "unary",
    "cancellation_behavior": "boundary_only",
    "config_schema_version": 1,
    "contract_analysis_version": 1,
    "crs_requirement": null,
    "determinism": "defined_order",
    "execution_class": "blocking",
    "expansion_constraint": "sum_relative",
    "expansion_factor_exempt": false,
    "family": "table",
    "id": "table.explode",
    "kernel_version": 1,
    "maturity": "public_protocol",
    "origin": "extension",
    "required_capabilities": [],
    "result_shape": null,
    "semantic_version": 1
  },
  {
    "arity": "unary",
    "cancellation_behavior": "cooperative",
    "config_schema_version": 2,
    "contract_analysis_version": 2,
    "crs_requirement": null,
    "determinism": "defined_order",
    "execution_class": "streaming",
    "expansion_constraint": "sum_relative",
    "expansion_factor_exempt": false,
    "family": "table",
    "id": "table.expression",
    "kernel_version": 3,
    "maturity": "public_protocol",
    "origin": "extension",
    "required_capabilities": [],
    "result_shape": null,
    "semantic_version": 2
  },
  {
    "arity": "unary",
    "cancellation_behavior": "cooperative",
    "config_schema_version": 1,
    "contract_analysis_version": 1,
    "crs_requirement": null,
    "determinism": "defined_order",
    "execution_class": "streaming",
    "expansion_constraint": "sum_relative",
    "expansion_factor_exempt": false,
    "family": "table",
    "id": "table.fill_na",
    "kernel_version": 2,
    "maturity": "public_protocol",
    "origin": "manipola_compat",
    "required_capabilities": [],
    "result_shape": null,
    "semantic_version": 1
  },
  {
    "arity": "unary",
    "cancellation_behavior": "cooperative",
    "config_schema_version": 1,
    "contract_analysis_version": 1,
    "crs_requirement": null,
    "determinism": "defined_order",
    "execution_class": "streaming",
    "expansion_constraint": "sum_relative",
    "expansion_factor_exempt": false,
    "family": "table",
    "id": "table.filter",
    "kernel_version": 2,
    "maturity": "public_protocol",
    "origin": "manipola_compat",
    "required_capabilities": [],
    "result_shape": null,
    "semantic_version": 1
  },
  {
    "arity": "unary",
    "cancellation_behavior": "cooperative",
    "config_schema_version": 1,
    "contract_analysis_version": 1,
    "crs_requirement": null,
    "determinism": "defined_order",
    "execution_class": "streaming",
    "expansion_constraint": "sum_relative",
    "expansion_factor_exempt": false,
    "family": "table",
    "id": "table.flatten_json",
    "kernel_version": 2,
    "maturity": "public_protocol",
    "origin": "manipola_compat",
    "required_capabilities": [],
    "result_shape": null,
    "semantic_version": 1
  },
  {
    "arity": "unary",
    "cancellation_behavior": "cooperative",
    "config_schema_version": 1,
    "contract_analysis_version": 1,
    "crs_requirement": null,
    "determinism": "defined_order",
    "execution_class": "streaming",
    "expansion_constraint": "sum_relative",
    "expansion_factor_exempt": false,
    "family": "table",
    "id": "table.formula",
    "kernel_version": 2,
    "maturity": "public_protocol",
    "origin": "manipola_compat",
    "required_capabilities": [],
    "result_shape": null,
    "semantic_version": 1
  },
  {
    "arity": "binary_ordered",
    "cancellation_behavior": "boundary_only",
    "config_schema_version": 1,
    "contract_analysis_version": 1,
    "crs_requirement": null,
    "determinism": "defined_order",
    "execution_class": "binary_blocking",
    "expansion_constraint": "max_relative",
    "expansion_factor_exempt": false,
    "family": "table",
    "id": "table.fuzzy_join",
    "kernel_version": 1,
    "maturity": "kernel_validated",
    "origin": "extension",
    "required_capabilities": [],
    "result_shape": null,
    "semantic_version": 1
  },
  {
    "arity": "unary",
    "cancellation_behavior": "cooperative",
    "config_schema_version": 1,
    "contract_analysis_version": 1,
    "crs_requirement": null,
    "determinism": "defined_order",
    "execution_class": "streaming",
    "expansion_constraint": "sum_relative",
    "expansion_factor_exempt": false,
    "family": "table",
    "id": "table.hmac_sha256",
    "kernel_version": 2,
    "maturity": "kernel_validated",
    "origin": "extension",
    "required_capabilities": [],
    "result_shape": null,
    "semantic_version": 1
  },
  {
    "arity": "binary_ordered",
    "cancellation_behavior": "boundary_only",
    "config_schema_version": 1,
    "contract_analysis_version": 1,
    "crs_requirement": null,
    "determinism": "canonical_order",
    "execution_class": "binary_blocking",
    "expansion_constraint": "left_relative",
    "expansion_factor_exempt": false,
    "family": "table",
    "id": "table.intersect",
    "kernel_version": 2,
    "maturity": "public_protocol",
    "origin": "extension",
    "required_capabilities": [],
    "result_shape": null,
    "semantic_version": 1
  },
  {
    "arity": "binary_ordered",
    "cancellation_behavior": "boundary_only",
    "config_schema_version": 1,
    "contract_analysis_version": 1,
    "crs_requirement": null,
    "determinism": "defined_order",
    "execution_class": "binary_blocking",
    "expansion_constraint": "max_relative",
    "expansion_factor_exempt": false,
    "family": "table",
    "id": "table.join",
    "kernel_version": 2,
    "maturity": "public_protocol",
    "origin": "manipola_compat",
    "required_capabilities": [],
    "result_shape": null,
    "semantic_version": 1
  },
  {
    "arity": "unary",
    "cancellation_behavior": "cooperative",
    "config_schema_version": 1,
    "contract_analysis_version": 1,
    "crs_requirement": null,
    "determinism": "input_order",
    "execution_class": "streaming",
    "expansion_constraint": "sum_relative",
    "expansion_factor_exempt": false,
    "family": "table",
    "id": "table.limit",
    "kernel_version": 1,
    "maturity": "kernel_validated",
    "origin": "extension",
    "required_capabilities": [],
    "result_shape": null,
    "semantic_version": 1
  },
  {
    "arity": "unary",
    "cancellation_behavior": "cooperative",
    "config_schema_version": 1,
    "contract_analysis_version": 1,
    "crs_requirement": null,
    "determinism": "defined_order",
    "execution_class": "streaming",
    "expansion_constraint": "sum_relative",
    "expansion_factor_exempt": false,
    "family": "table",
    "id": "table.lookup",
    "kernel_version": 1,
    "maturity": "public_protocol",
    "origin": "manipola_compat",
    "required_capabilities": [],
    "result_shape": null,
    "semantic_version": 1
  },
  {
    "arity": "unary",
    "cancellation_behavior": "cooperative",
    "config_schema_version": 1,
    "contract_analysis_version": 1,
    "crs_requirement": null,
    "determinism": "defined_order",
    "execution_class": "streaming",
    "expansion_constraint": "sum_relative",
    "expansion_factor_exempt": false,
    "family": "table",
    "id": "table.mask_data",
    "kernel_version": 2,
    "maturity": "public_protocol",
    "origin": "manipola_compat",
    "required_capabilities": [],
    "result_shape": null,
    "semantic_version": 1
  },
  {
    "arity": "unary",
    "cancellation_behavior": "cooperative",
    "config_schema_version": 1,
    "contract_analysis_version": 1,
    "crs_requirement": null,
    "determinism": "defined_order",
    "execution_class": "streaming",
    "expansion_constraint": "sum_relative",
    "expansion_factor_exempt": false,
    "family": "table",
    "id": "table.md5_hash",
    "kernel_version": 1,
    "maturity": "public_protocol",
    "origin": "manipola_compat",
    "required_capabilities": [],
    "result_shape": null,
    "semantic_version": 1
  },
  {
    "arity": "unary",
    "cancellation_behavior": "boundary_only",
    "config_schema_version": 1,
    "contract_analysis_version": 1,
    "crs_requirement": null,
    "determinism": "defined_order",
    "execution_class": "blocking",
    "expansion_constraint": "sum_relative",
    "expansion_factor_exempt": false,
    "family": "table",
    "id": "table.melt",
    "kernel_version": 2,
    "maturity": "public_protocol",
    "origin": "manipola_compat",
    "required_capabilities": [],
    "result_shape": null,
    "semantic_version": 1
  },
  {
    "arity": "unary",
    "cancellation_behavior": "boundary_only",
    "config_schema_version": 1,
    "contract_analysis_version": 1,
    "crs_requirement": null,
    "determinism": "defined_order",
    "execution_class": "blocking",
    "expansion_constraint": "sum_relative",
    "expansion_factor_exempt": false,
    "family": "table",
    "id": "table.pivot",
    "kernel_version": 2,
    "maturity": "public_protocol",
    "origin": "manipola_compat",
    "required_capabilities": [],
    "result_shape": null,
    "semantic_version": 1
  },
  {
    "arity": "binary_ordered",
    "cancellation_behavior": "boundary_only",
    "config_schema_version": 1,
    "contract_analysis_version": 1,
    "crs_requirement": null,
    "determinism": "defined_order",
    "execution_class": "binary_blocking",
    "expansion_constraint": "sum_relative",
    "expansion_factor_exempt": false,
    "family": "table",
    "id": "table.reconcile",
    "kernel_version": 2,
    "maturity": "public_protocol",
    "origin": "extension",
    "required_capabilities": [],
    "result_shape": null,
    "semantic_version": 1
  },
  {
    "arity": "unary",
    "cancellation_behavior": "cooperative",
    "config_schema_version": 1,
    "contract_analysis_version": 1,
    "crs_requirement": null,
    "determinism": "defined_order",
    "execution_class": "streaming",
    "expansion_constraint": "sum_relative",
    "expansion_factor_exempt": false,
    "family": "table",
    "id": "table.rename",
    "kernel_version": 1,
    "maturity": "public_protocol",
    "origin": "manipola_compat",
    "required_capabilities": [],
    "result_shape": null,
    "semantic_version": 1
  },
  {
    "arity": "unary",
    "cancellation_behavior": "cooperative",
    "config_schema_version": 1,
    "contract_analysis_version": 1,
    "crs_requirement": null,
    "determinism": "defined_order",
    "execution_class": "streaming",
    "expansion_constraint": "sum_relative",
    "expansion_factor_exempt": false,
    "family": "table",
    "id": "table.reorder_columns",
    "kernel_version": 1,
    "maturity": "public_protocol",
    "origin": "manipola_compat",
    "required_capabilities": [],
    "result_shape": null,
    "semantic_version": 1
  },
  {
    "arity": "unary",
    "cancellation_behavior": "cooperative",
    "config_schema_version": 1,
    "contract_analysis_version": 1,
    "crs_requirement": null,
    "determinism": "defined_order",
    "execution_class": "streaming",
    "expansion_constraint": "sum_relative",
    "expansion_factor_exempt": false,
    "family": "table",
    "id": "table.replace",
    "kernel_version": 1,
    "maturity": "public_protocol",
    "origin": "manipola_compat",
    "required_capabilities": [],
    "result_shape": null,
    "semantic_version": 1
  },
  {
    "arity": "unary",
    "cancellation_behavior": "boundary_only",
    "config_schema_version": 1,
    "contract_analysis_version": 1,
    "crs_requirement": null,
    "determinism": "defined_order",
    "execution_class": "blocking",
    "expansion_constraint": "sum_relative",
    "expansion_factor_exempt": false,
    "family": "table",
    "id": "table.rolling_window",
    "kernel_version": 2,
    "maturity": "public_protocol",
    "origin": "extension",
    "required_capabilities": [],
    "result_shape": null,
    "semantic_version": 1
  },
  {
    "arity": "unary",
    "cancellation_behavior": "boundary_only",
    "config_schema_version": 1,
    "contract_analysis_version": 1,
    "crs_requirement": null,
    "determinism": "defined_order",
    "execution_class": "blocking",
    "expansion_constraint": "sum_relative",
    "expansion_factor_exempt": false,
    "family": "table",
    "id": "table.sample",
    "kernel_version": 1,
    "maturity": "public_protocol",
    "origin": "manipola_compat",
    "required_capabilities": [],
    "result_shape": null,
    "semantic_version": 1
  },
  {
    "arity": "unary",
    "cancellation_behavior": "cooperative",
    "config_schema_version": 1,
    "contract_analysis_version": 1,
    "crs_requirement": null,
    "determinism": "defined_order",
    "execution_class": "streaming",
    "expansion_constraint": "sum_relative",
    "expansion_factor_exempt": false,
    "family": "table",
    "id": "table.select_columns",
    "kernel_version": 1,
    "maturity": "kernel_validated",
    "origin": "extension",
    "required_capabilities": [],
    "result_shape": null,
    "semantic_version": 1
  },
  {
    "arity": "binary_ordered",
    "cancellation_behavior": "boundary_only",
    "config_schema_version": 1,
    "contract_analysis_version": 1,
    "crs_requirement": null,
    "determinism": "defined_order",
    "execution_class": "binary_blocking",
    "expansion_constraint": "left_relative",
    "expansion_factor_exempt": false,
    "family": "table",
    "id": "table.semi_join",
    "kernel_version": 2,
    "maturity": "public_protocol",
    "origin": "extension",
    "required_capabilities": [],
    "result_shape": null,
    "semantic_version": 1
  },
  {
    "arity": "unary",
    "cancellation_behavior": "cooperative",
    "config_schema_version": 1,
    "contract_analysis_version": 1,
    "crs_requirement": null,
    "determinism": "defined_order",
    "execution_class": "streaming",
    "expansion_constraint": "sum_relative",
    "expansion_factor_exempt": false,
    "family": "table",
    "id": "table.sha256_hash",
    "kernel_version": 1,
    "maturity": "public_protocol",
    "origin": "extension",
    "required_capabilities": [],
    "result_shape": null,
    "semantic_version": 1
  },
  {
    "arity": "unary",
    "cancellation_behavior": "boundary_only",
    "config_schema_version": 1,
    "contract_analysis_version": 1,
    "crs_requirement": null,
    "determinism": "defined_order",
    "execution_class": "blocking",
    "expansion_constraint": "sum_relative",
    "expansion_factor_exempt": false,
    "family": "table",
    "id": "table.sort",
    "kernel_version": 2,
    "maturity": "public_protocol",
    "origin": "manipola_compat",
    "required_capabilities": [],
    "result_shape": null,
    "semantic_version": 1
  },
  {
    "arity": "unary",
    "cancellation_behavior": "cooperative",
    "config_schema_version": 1,
    "contract_analysis_version": 1,
    "crs_requirement": null,
    "determinism": "defined_order",
    "execution_class": "streaming",
    "expansion_constraint": "sum_relative",
    "expansion_factor_exempt": false,
    "family": "table",
    "id": "table.split_column",
    "kernel_version": 1,
    "maturity": "public_protocol",
    "origin": "manipola_compat",
    "required_capabilities": [],
    "result_shape": null,
    "semantic_version": 1
  },
  {
    "arity": "unary",
    "cancellation_behavior": "cooperative",
    "config_schema_version": 1,
    "contract_analysis_version": 1,
    "crs_requirement": null,
    "determinism": "defined_order",
    "execution_class": "streaming",
    "expansion_constraint": "sum_relative",
    "expansion_factor_exempt": false,
    "family": "table",
    "id": "table.stable_fingerprint",
    "kernel_version": 2,
    "maturity": "kernel_validated",
    "origin": "extension",
    "required_capabilities": [],
    "result_shape": null,
    "semantic_version": 1
  },
  {
    "arity": "unary",
    "cancellation_behavior": "boundary_only",
    "config_schema_version": 1,
    "contract_analysis_version": 1,
    "crs_requirement": null,
    "determinism": "defined_order",
    "execution_class": "blocking",
    "expansion_constraint": "sum_relative",
    "expansion_factor_exempt": false,
    "family": "table",
    "id": "table.statistics",
    "kernel_version": 2,
    "maturity": "public_protocol",
    "origin": "manipola_compat",
    "required_capabilities": [],
    "result_shape": null,
    "semantic_version": 1
  },
  {
    "arity": "unary",
    "cancellation_behavior": "cooperative",
    "config_schema_version": 1,
    "contract_analysis_version": 1,
    "crs_requirement": null,
    "determinism": "defined_order",
    "execution_class": "streaming",
    "expansion_constraint": "sum_relative",
    "expansion_factor_exempt": false,
    "family": "table",
    "id": "table.string_extract",
    "kernel_version": 2,
    "maturity": "public_protocol",
    "origin": "manipola_compat",
    "required_capabilities": [],
    "result_shape": null,
    "semantic_version": 1
  },
  {
    "arity": "unary",
    "cancellation_behavior": "cooperative",
    "config_schema_version": 1,
    "contract_analysis_version": 1,
    "crs_requirement": null,
    "determinism": "defined_order",
    "execution_class": "streaming",
    "expansion_constraint": "sum_relative",
    "expansion_factor_exempt": false,
    "family": "table",
    "id": "table.string_length",
    "kernel_version": 1,
    "maturity": "public_protocol",
    "origin": "manipola_compat",
    "required_capabilities": [],
    "result_shape": null,
    "semantic_version": 1
  },
  {
    "arity": "unary",
    "cancellation_behavior": "cooperative",
    "config_schema_version": 1,
    "contract_analysis_version": 1,
    "crs_requirement": null,
    "determinism": "defined_order",
    "execution_class": "streaming",
    "expansion_constraint": "sum_relative",
    "expansion_factor_exempt": false,
    "family": "table",
    "id": "table.string_pad",
    "kernel_version": 1,
    "maturity": "public_protocol",
    "origin": "manipola_compat",
    "required_capabilities": [],
    "result_shape": null,
    "semantic_version": 1
  },
  {
    "arity": "binary_ordered",
    "cancellation_behavior": "boundary_only",
    "config_schema_version": 1,
    "contract_analysis_version": 1,
    "crs_requirement": null,
    "determinism": "defined_order",
    "execution_class": "binary_blocking",
    "expansion_constraint": "sum_relative",
    "expansion_factor_exempt": false,
    "family": "table",
    "id": "table.table_diff",
    "kernel_version": 2,
    "maturity": "public_protocol",
    "origin": "manipola_compat",
    "required_capabilities": [],
    "result_shape": null,
    "semantic_version": 1
  },
  {
    "arity": "unary",
    "cancellation_behavior": "cooperative",
    "config_schema_version": 1,
    "contract_analysis_version": 1,
    "crs_requirement": null,
    "determinism": "defined_order",
    "execution_class": "streaming",
    "expansion_constraint": "sum_relative",
    "expansion_factor_exempt": false,
    "family": "table",
    "id": "table.text_normalize",
    "kernel_version": 2,
    "maturity": "public_protocol",
    "origin": "manipola_compat",
    "required_capabilities": [],
    "result_shape": null,
    "semantic_version": 1
  },
  {
    "arity": "unary",
    "cancellation_behavior": "cooperative",
    "config_schema_version": 1,
    "contract_analysis_version": 1,
    "crs_requirement": null,
    "determinism": "defined_order",
    "execution_class": "streaming",
    "expansion_constraint": "sum_relative",
    "expansion_factor_exempt": false,
    "family": "table",
    "id": "table.timezone_convert",
    "kernel_version": 2,
    "maturity": "public_protocol",
    "origin": "extension",
    "required_capabilities": [],
    "result_shape": null,
    "semantic_version": 1
  },
  {
    "arity": "unary",
    "cancellation_behavior": "boundary_only",
    "config_schema_version": 1,
    "contract_analysis_version": 1,
    "crs_requirement": null,
    "determinism": "defined_order",
    "execution_class": "blocking",
    "expansion_constraint": "sum_relative",
    "expansion_factor_exempt": false,
    "family": "table",
    "id": "table.top_n",
    "kernel_version": 1,
    "maturity": "kernel_validated",
    "origin": "extension",
    "required_capabilities": [],
    "result_shape": null,
    "semantic_version": 1
  },
  {
    "arity": "unary",
    "cancellation_behavior": "boundary_only",
    "config_schema_version": 1,
    "contract_analysis_version": 1,
    "crs_requirement": null,
    "determinism": "defined_order",
    "execution_class": "blocking",
    "expansion_constraint": "sum_relative",
    "expansion_factor_exempt": false,
    "family": "table",
    "id": "table.transpose",
    "kernel_version": 1,
    "maturity": "public_protocol",
    "origin": "manipola_compat",
    "required_capabilities": [],
    "result_shape": null,
    "semantic_version": 1
  },
  {
    "arity": "unary",
    "cancellation_behavior": "cooperative",
    "config_schema_version": 1,
    "contract_analysis_version": 1,
    "crs_requirement": null,
    "determinism": "defined_order",
    "execution_class": "streaming",
    "expansion_constraint": "sum_relative",
    "expansion_factor_exempt": false,
    "family": "table",
    "id": "table.type_cast",
    "kernel_version": 2,
    "maturity": "public_protocol",
    "origin": "manipola_compat",
    "required_capabilities": [],
    "result_shape": null,
    "semantic_version": 1
  },
  {
    "arity": "binary_ordered",
    "cancellation_behavior": "boundary_only",
    "config_schema_version": 1,
    "contract_analysis_version": 1,
    "crs_requirement": null,
    "determinism": "canonical_order",
    "execution_class": "binary_blocking",
    "expansion_constraint": "sum_relative",
    "expansion_factor_exempt": false,
    "family": "table",
    "id": "table.union_distinct",
    "kernel_version": 2,
    "maturity": "public_protocol",
    "origin": "extension",
    "required_capabilities": [],
    "result_shape": null,
    "semantic_version": 1
  },
  {
    "arity": "unary",
    "cancellation_behavior": "cooperative",
    "config_schema_version": 1,
    "contract_analysis_version": 1,
    "crs_requirement": null,
    "determinism": "defined_order",
    "execution_class": "streaming",
    "expansion_constraint": "sum_relative",
    "expansion_factor_exempt": false,
    "family": "table",
    "id": "table.unnest",
    "kernel_version": 1,
    "maturity": "public_protocol",
    "origin": "extension",
    "required_capabilities": [],
    "result_shape": null,
    "semantic_version": 1
  },
  {
    "arity": "unary",
    "cancellation_behavior": "cooperative",
    "config_schema_version": 1,
    "contract_analysis_version": 1,
    "crs_requirement": null,
    "determinism": "defined_order",
    "execution_class": "streaming",
    "expansion_constraint": "sum_relative",
    "expansion_factor_exempt": false,
    "family": "table",
    "id": "table.uuid_generator",
    "kernel_version": 1,
    "maturity": "public_protocol",
    "origin": "manipola_compat",
    "required_capabilities": [],
    "result_shape": null,
    "semantic_version": 1
  },
  {
    "arity": "unary",
    "cancellation_behavior": "cooperative",
    "config_schema_version": 1,
    "contract_analysis_version": 1,
    "crs_requirement": null,
    "determinism": "defined_order",
    "execution_class": "streaming",
    "expansion_constraint": "sum_relative",
    "expansion_factor_exempt": false,
    "family": "table",
    "id": "table.validate_rules",
    "kernel_version": 1,
    "maturity": "kernel_validated",
    "origin": "extension",
    "required_capabilities": [],
    "result_shape": null,
    "semantic_version": 1
  },
  {
    "arity": "unary",
    "cancellation_behavior": "boundary_only",
    "config_schema_version": 1,
    "contract_analysis_version": 1,
    "crs_requirement": null,
    "determinism": "defined_order",
    "execution_class": "blocking",
    "expansion_constraint": "sum_relative",
    "expansion_factor_exempt": false,
    "family": "table",
    "id": "table.window_function",
    "kernel_version": 2,
    "maturity": "public_protocol",
    "origin": "manipola_compat",
    "required_capabilities": [],
    "result_shape": null,
    "semantic_version": 1
  }
]
